Archive member included to satisfy reference by file (symbol)

C:/ST/STM32CubeIDE_1.15.0/STM32CubeIDE/plugins/com.st.stm32cube.ide.mcu.externaltools.gnu-tools-for-stm32.12.3.rel1.win32_1.0.100.202403111256/tools/bin/../lib/gcc/arm-none-eabi/12.3.1/../../../../arm-none-eabi/lib/thumb/v7-m/nofp\libc_nano.a(libc_a-exit.o)
                              C:/ST/STM32CubeIDE_1.15.0/STM32CubeIDE/plugins/com.st.stm32cube.ide.mcu.externaltools.gnu-tools-for-stm32.12.3.rel1.win32_1.0.100.202403111256/tools/bin/../lib/gcc/arm-none-eabi/12.3.1/../../../../arm-none-eabi/lib/thumb/v7-m/nofp/crt0.o (exit)
C:/ST/STM32CubeIDE_1.15.0/STM32CubeIDE/plugins/com.st.stm32cube.ide.mcu.externaltools.gnu-tools-for-stm32.12.3.rel1.win32_1.0.100.202403111256/tools/bin/../lib/gcc/arm-none-eabi/12.3.1/../../../../arm-none-eabi/lib/thumb/v7-m/nofp\libc_nano.a(libc_a-itoa.o)
                              ./Core/Inc/LCD/LCD.o (itoa)
C:/ST/STM32CubeIDE_1.15.0/STM32CubeIDE/plugins/com.st.stm32cube.ide.mcu.externaltools.gnu-tools-for-stm32.12.3.rel1.win32_1.0.100.202403111256/tools/bin/../lib/gcc/arm-none-eabi/12.3.1/../../../../arm-none-eabi/lib/thumb/v7-m/nofp\libc_nano.a(libc_a-utoa.o)
                              C:/ST/STM32CubeIDE_1.15.0/STM32CubeIDE/plugins/com.st.stm32cube.ide.mcu.externaltools.gnu-tools-for-stm32.12.3.rel1.win32_1.0.100.202403111256/tools/bin/../lib/gcc/arm-none-eabi/12.3.1/../../../../arm-none-eabi/lib/thumb/v7-m/nofp\libc_nano.a(libc_a-itoa.o) (__utoa)
C:/ST/STM32CubeIDE_1.15.0/STM32CubeIDE/plugins/com.st.stm32cube.ide.mcu.externaltools.gnu-tools-for-stm32.12.3.rel1.win32_1.0.100.202403111256/tools/bin/../lib/gcc/arm-none-eabi/12.3.1/../../../../arm-none-eabi/lib/thumb/v7-m/nofp\libc_nano.a(libc_a-findfp.o)
                              C:/ST/STM32CubeIDE_1.15.0/STM32CubeIDE/plugins/com.st.stm32cube.ide.mcu.externaltools.gnu-tools-for-stm32.12.3.rel1.win32_1.0.100.202403111256/tools/bin/../lib/gcc/arm-none-eabi/12.3.1/../../../../arm-none-eabi/lib/thumb/v7-m/nofp\libc_nano.a(libc_a-exit.o) (__stdio_exit_handler)
C:/ST/STM32CubeIDE_1.15.0/STM32CubeIDE/plugins/com.st.stm32cube.ide.mcu.externaltools.gnu-tools-for-stm32.12.3.rel1.win32_1.0.100.202403111256/tools/bin/../lib/gcc/arm-none-eabi/12.3.1/../../../../arm-none-eabi/lib/thumb/v7-m/nofp\libc_nano.a(libc_a-fwalk.o)
                              C:/ST/STM32CubeIDE_1.15.0/STM32CubeIDE/plugins/com.st.stm32cube.ide.mcu.externaltools.gnu-tools-for-stm32.12.3.rel1.win32_1.0.100.202403111256/tools/bin/../lib/gcc/arm-none-eabi/12.3.1/../../../../arm-none-eabi/lib/thumb/v7-m/nofp\libc_nano.a(libc_a-findfp.o) (_fwalk_sglue)
C:/ST/STM32CubeIDE_1.15.0/STM32CubeIDE/plugins/com.st.stm32cube.ide.mcu.externaltools.gnu-tools-for-stm32.12.3.rel1.win32_1.0.100.202403111256/tools/bin/../lib/gcc/arm-none-eabi/12.3.1/../../../../arm-none-eabi/lib/thumb/v7-m/nofp\libc_nano.a(libc_a-sprintf.o)
                              ./Core/Inc/LCD/LCD.o (sprintf)
C:/ST/STM32CubeIDE_1.15.0/STM32CubeIDE/plugins/com.st.stm32cube.ide.mcu.externaltools.gnu-tools-for-stm32.12.3.rel1.win32_1.0.100.202403111256/tools/bin/../lib/gcc/arm-none-eabi/12.3.1/../../../../arm-none-eabi/lib/thumb/v7-m/nofp\libc_nano.a(libc_a-stdio.o)
                              C:/ST/STM32CubeIDE_1.15.0/STM32CubeIDE/plugins/com.st.stm32cube.ide.mcu.externaltools.gnu-tools-for-stm32.12.3.rel1.win32_1.0.100.202403111256/tools/bin/../lib/gcc/arm-none-eabi/12.3.1/../../../../arm-none-eabi/lib/thumb/v7-m/nofp\libc_nano.a(libc_a-findfp.o) (__sread)
C:/ST/STM32CubeIDE_1.15.0/STM32CubeIDE/plugins/com.st.stm32cube.ide.mcu.externaltools.gnu-tools-for-stm32.12.3.rel1.win32_1.0.100.202403111256/tools/bin/../lib/gcc/arm-none-eabi/12.3.1/../../../../arm-none-eabi/lib/thumb/v7-m/nofp\libc_nano.a(libc_a-memset.o)
                              C:/ST/STM32CubeIDE_1.15.0/STM32CubeIDE/plugins/com.st.stm32cube.ide.mcu.externaltools.gnu-tools-for-stm32.12.3.rel1.win32_1.0.100.202403111256/tools/bin/../lib/gcc/arm-none-eabi/12.3.1/../../../../arm-none-eabi/lib/thumb/v7-m/nofp/crt0.o (memset)
C:/ST/STM32CubeIDE_1.15.0/STM32CubeIDE/plugins/com.st.stm32cube.ide.mcu.externaltools.gnu-tools-for-stm32.12.3.rel1.win32_1.0.100.202403111256/tools/bin/../lib/gcc/arm-none-eabi/12.3.1/../../../../arm-none-eabi/lib/thumb/v7-m/nofp\libc_nano.a(libc_a-closer.o)
                              C:/ST/STM32CubeIDE_1.15.0/STM32CubeIDE/plugins/com.st.stm32cube.ide.mcu.externaltools.gnu-tools-for-stm32.12.3.rel1.win32_1.0.100.202403111256/tools/bin/../lib/gcc/arm-none-eabi/12.3.1/../../../../arm-none-eabi/lib/thumb/v7-m/nofp\libc_nano.a(libc_a-stdio.o) (_close_r)
C:/ST/STM32CubeIDE_1.15.0/STM32CubeIDE/plugins/com.st.stm32cube.ide.mcu.externaltools.gnu-tools-for-stm32.12.3.rel1.win32_1.0.100.202403111256/tools/bin/../lib/gcc/arm-none-eabi/12.3.1/../../../../arm-none-eabi/lib/thumb/v7-m/nofp\libc_nano.a(libc_a-reent.o)
[...]
Memory Configuration

Name             Origin             Length             Attributes
RAM              0x20000000         0x00005000         xrw
FLASH            0x08000000         0x00010000         xr
*default*        0x00000000         0xffffffff

Linker script and memory map

LOAD C:/ST/STM32CubeIDE_1.15.0/STM32CubeIDE/plugins/com.st.stm32cube.ide.mcu.externaltools.gnu-tools-for-stm32.12.3.rel1.win32_1.0.100.202403111256/tools/bin/../lib/gcc/arm-none-eabi/12.3.1/thumb/v7-m/nofp/crti.o
LOAD C:/ST/STM32CubeIDE_1.15.0/STM32CubeIDE/plugins/com.st.stm32cube.ide.mcu.externaltools.gnu-tools-for-stm32.12.3.rel1.win32_1.0.100.202403111256/tools/bin/../lib/gcc/arm-none-eabi/12.3.1/thumb/v7-m/nofp/crtbegin.o
LOAD C:/ST/STM32CubeIDE_1.15.0/STM32CubeIDE/plugins/com.st.stm32cube.ide.mcu.externaltools.gnu-tools-for-stm32.12.3.rel1.win32_1.0.100.202403111256/tools/bin/../lib/gcc/arm-none-eabi/12.3.1/../../../../arm-none-eabi/lib/thumb/v7-m/nofp/crt0.o
LOAD ./Core/Inc/LCD/LCD.o
LOAD ./Core/Inc/LCD/LCD_menus.o
LOAD ./Core/Src/main.o
LOAD ./Core/Src/stm32f1xx_hal_msp.o
LOAD ./Core/Src/stm32f1xx_it.o
LOAD ./Core/Src/syscalls.o
LOAD ./Core/Src/sysmem.o
LOAD ./Core/Src/system_stm32f1xx.o
LOAD ./Core/Startup/startup_stm32f103c8tx.o
LOAD ./Drivers/STM32F1xx_HAL_Driver/Src/stm32f1xx_hal.o
LOAD ./Drivers/STM32F1xx_HAL_Driver/Src/stm32f1xx_hal_cortex.o
LOAD ./Drivers/STM32F1xx_HAL_Driver/Src/stm32f1xx_hal_dma.o
LOAD ./Drivers/STM32F1xx_HAL_Driver/Src/stm32f1xx_hal_exti.o
LOAD ./Drivers/STM32F1xx_HAL_Driver/Src/stm32f1xx_hal_flash.o
LOAD ./Drivers/STM32F1xx_HAL_Driver/Src/stm32f1xx_hal_flash_ex.o
LOAD ./Drivers/STM32F1xx_HAL_Driver/Src/stm32f1xx_hal_gpio.o
LOAD ./Drivers/STM32F1xx_HAL_Driver/Src/stm32f1xx_hal_gpio_ex.o
LOAD ./Drivers/STM32F1xx_HAL_Driver/Src/stm32f1xx_hal_pwr.o
LOAD ./Drivers/STM32F1xx_HAL_Driver/Src/stm32f1xx_hal_rcc.o
LOAD ./Drivers/STM32F1xx_HAL_Driver/Src/stm32f1xx_hal_rcc_ex.o
LOAD ./Drivers/STM32F1xx_HAL_Driver/Src/stm32f1xx_hal_tim.o
LOAD ./Drivers/STM32F1xx_HAL_Driver/Src/stm32f1xx_hal_tim_ex.o
START GROUP
LOAD C:/ST/STM32CubeIDE_1.15.0/STM32CubeIDE/plugins/com.st.stm32cube.ide.mcu.externaltools.gnu-tools-for-stm32.12.3.rel1.win32_1.0.100.202403111256/tools/bin/../lib/gcc/arm-none-eabi/12.3.1/../../../../arm-none-eabi/lib/thumb/v7-m/nofp\libc_nano.a
LOAD C:/ST/STM32CubeIDE_1.15.0/STM32CubeIDE/plugins/com.st.stm32cube.ide.mcu.externaltools.gnu-tools-for-stm32.12.3.rel1.win32_1.0.100.202403111256/tools/bin/../lib/gcc/arm-none-eabi/12.3.1/../../../../arm-none-eabi/lib/thumb/v7-m/nofp\libm.a
END GROUP
START GROUP
LOAD C:/ST/STM32CubeIDE_1.15.0/STM32CubeIDE/plugins/com.st.stm32cube.ide.mcu.externaltools.gnu-tools-for-stm32.12.3.rel1.win32_1.0.100.202403111256/tools/bin/../lib/gcc/arm-none-eabi/12.3.1/thumb/v7-m/nofp\libgcc.a
LOAD C:/ST/STM32CubeIDE_1.15.0/STM32CubeIDE/plugins/com.st.stm32cube.ide.mcu.externaltools.gnu-tools-for-stm32.12.3.rel1.win32_1.0.100.202403111256/tools/bin/../lib/gcc/arm-none-eabi/12.3.1/../../../../arm-none-eabi/lib/thumb/v7-m/nofp\libc_nano.a
END GROUP
START GROUP
LOAD C:/ST/STM32CubeIDE_1.15.0/STM32CubeIDE/plugins/com.st.stm32cube.ide.mcu.externaltools.gnu-tools-for-stm32.12.3.rel1.win32_1.0.100.202403111256/tools/bin/../lib/gcc/arm-none-eabi/12.3.1/thumb/v7-m/nofp\libgcc.a
LOAD C:/ST/STM32CubeIDE_1.15.0/STM32CubeIDE/plugins/com.st.stm32cube.ide.mcu.externaltools.gnu-tools-for-stm32.12.3.rel1.win32_1.0.100.202403111256/tools/bin/../lib/gcc/arm-none-eabi/12.3.1/../../../../arm-none-eabi/lib/thumb/v7-m/nofp\libc_nano.a
LOAD C:/ST/STM32CubeIDE_1.15.0/STM32CubeIDE/plugins/com.st.stm32cube.ide.mcu.externaltools.gnu-tools-for-stm32.12.3.rel1.win32_1.0.100.202403111256/tools/bin/../lib/gcc/arm-none-eabi/12.3.1/../../../../arm-none-eabi/lib/thumb/v7-m/nofp\libnosys.a
END GROUP
START GROUP
LOAD C:/ST/STM32CubeIDE_1.15.0/STM32CubeIDE/plugins/com.st.stm32cube.ide.mcu.externaltools.gnu-tools-for-stm32.12.3.rel1.win32_1.0.100.202403111256/tools/bin/../lib/gcc/arm-none-eabi/12.3.1/thumb/v7-m/nofp\libgcc.a
LOAD C:/ST/STM32CubeIDE_1.15.0/STM32CubeIDE/plugins/com.st.stm32cube.ide.mcu.externaltools.gnu-tools-for-stm32.12.3.rel1.win32_1.0.100.202403111256/tools/bin/../lib/gcc/arm-none-eabi/12.3.1/../../../../arm-none-eabi/lib/thumb/v7-m/nofp\libc_nano.a
LOAD C:/ST/STM32CubeIDE_1.15.0/STM32CubeIDE/plugins/com.st.stm32cube.ide.mcu.externaltools.gnu-tools-for-stm32.12.3.rel1.win32_1.0.100.202403111256/tools/bin/../lib/gcc/arm-none-eabi/12.3.1/../../../../arm-none-eabi/lib/thumb/v7-m/nofp\libnosys.a
END GROUP
LOAD C:/ST/STM32CubeIDE_1.15.0/STM32CubeIDE/plugins/com.st.stm32cube.ide.mcu.externaltools.gnu-tools-for-stm32.12.3.rel1.win32_1.0.100.202403111256/tools/bin/../lib/gcc/arm-none-eabi/12.3.1/thumb/v7-m/nofp/crtend.o
LOAD C:/ST/STM32CubeIDE_1.15.0/STM32CubeIDE/plugins/com.st.stm32cube.ide.mcu.externaltools.gnu-tools-for-stm32.12.3.rel1.win32_1.0.100.202403111256/tools/bin/../lib/gcc/arm-none-eabi/12.3.1/thumb/v7-m/nofp/crtn.o
                0x20005000                        _estack = (ORIGIN (RAM) + LENGTH (RAM))
                0x00000200                        _Min_Heap_Size = 0x200
                0x00000400                        _Min_Stack_Size = 0x400

.isr_vector     0x08000000      0x10c
                0x08000000                        . = ALIGN (0x4)
 *(.isr_vector)
 .isr_vector    0x08000000      0x10c ./Core/Startup/startup_stm32f103c8tx.o
                0x08000000                g_pfnVectors
                0x0800010c                        . = ALIGN (0x4)

.text           0x08000110     0x3c00
                0x08000110                        . = ALIGN (0x4)
 *(.text)
 .text          0x08000110       0x40 C:/ST/STM32CubeIDE_1.15.0/STM32CubeIDE/plugins/com.st.stm32cube.ide.mcu.externaltools.gnu-tools-for-stm32.12.3.rel1.win32_1.0.100.202403111256/tools/bin/../lib/gcc/arm-none-eabi/12.3.1/thumb/v7-m/nofp/crtbegin.o
 .text          0x08000150      0x378 C:/ST/STM32CubeIDE_1.15.0/STM32CubeIDE/plugins/com.st.stm32cube.ide.mcu.externaltools.gnu-tools-for-stm32.12.3.rel1.win32_1.0.100.202403111256/tools/bin/../lib/gcc/arm-none-eabi/12.3.1/thumb/v7-m/nofp\libgcc.a(_arm_addsubdf3.o)
                0x08000150                __aeabi_drsub
                0x08000158                __aeabi_dsub
                0x08000158                __subdf3
                0x0800015c                __aeabi_dadd
                0x0800015c                __adddf3
                0x080003d4                __floatunsidf
                0x080003d4                __aeabi_ui2d
                0x080003f4                __floatsidf
                0x080003f4                __aeabi_i2d
                0x08000418                __aeabi_f2d
                0x08000418                __extendsfdf2
                0x0800045c                __floatundidf
                0x0800045c                __aeabi_ul2d
                0x0800046c                __floatdidf
                0x0800046c                __aeabi_l2d
 .text          0x080004c8      0x424 C:/ST/STM32CubeIDE_1.15.0/STM32CubeIDE/plugins/com.st.stm32cube.ide.mcu.externaltools.gnu-tools-for-stm32.12.3.rel1.win32_1.0.100.202403111256/tools/bin/../lib/gcc/arm-none-eabi/12.3.1/thumb/v7-m/nofp\libgcc.a(_arm_muldivdf3.o)
                0x080004c8                __aeabi_dmul
                0x080004c8                __muldf3
                0x0800071c                __divdf3
                0x0800071c                __aeabi_ddiv
 .text          0x080008ec       0x40 C:/ST/STM32CubeIDE_1.15.0/STM32CubeIDE/plugins/com.st.stm32cube.ide.mcu.externaltools.gnu-tools-for-stm32.12.3.rel1.win32_1.0.100.202403111256/tools/bin/../lib/gcc/arm-none-eabi/12.3.1/thumb/v7-m/nofp\libgcc.a(_arm_fixunsdfsi.o)
                0x080008ec                __aeabi_d2uiz
                0x080008ec                __fixunsdfsi
 *(.text*)
 .text.LCD_Init
                0x0800092c       0x56 ./Core/Inc/LCD/LCD.o
                0x0800092c                LCD_Init
 .text.LCD_Clear
                0x08000982       0x16 ./Core/Inc/LCD/LCD.o
                0x08000982                LCD_Clear
 .text.LCD_setCursor
                0x08000998       0x4c ./Core/Inc/LCD/LCD.o
                0x08000998                LCD_setCursor
 .text.LCD_printChar
                0x080009e4       0x1c ./Core/Inc/LCD/LCD.o
                0x080009e4                LCD_printChar
 .text.LCD_printString
                0x08000a00       0x2c ./Core/Inc/LCD/LCD.o
                0x08000a00                LCD_printString
 .text.LCD_printInt
                0x08000a2c       0x28 ./Core/Inc/LCD/LCD.o
                0x08000a2c                LCD_printInt
 .text.LCD_Send
                0x08000a54       0x54 ./Core/Inc/LCD/LCD.o
 .text.LCD_sendNibble
                0x08000aa8       0xbc ./Core/Inc/LCD/LCD.o
 .text.printHome
                0x08000b64       0x48 ./Core/Inc/LCD/LCD_menus.o
                0x08000b64                printHome
 .text.printViewT1
                0x08000bac       0xb0 ./Core/Inc/LCD/LCD_menus.o
                0x08000bac                printViewT1
 .text.printViewT2
                0x08000c5c       0x9c ./Core/Inc/LCD/LCD_menus.o
                0x08000c5c                printViewT2
 .text.printViewT3
                0x08000cf8       0x9c ./Core/Inc/LCD/LCD_menus.o
                0x08000cf8                printViewT3
 .text.printEditT1
                0x08000d94       0xe4 ./Core/Inc/LCD/LCD_menus.o
                0x08000d94                printEditT1
 .text.printEditT2
                0x08000e78       0x90 ./Core/Inc/LCD/LCD_menus.o
                0x08000e78                printEditT2
 .text.printEditT3
                0x08000f08       0x90 ./Core/Inc/LCD/LCD_menus.o
                0x08000f08                printEditT3
 .text.printEditT1Unit
                0x08000f98       0xf0 ./Core/Inc/LCD/LCD_menus.o
                0x08000f98                printEditT1Unit
 .text.printPreRun
                0x08001088      0x184 ./Core/Inc/LCD/LCD_menus.o
                0x08001088                printPreRun
 .text.printRunning
                0x0800120c      0x19c ./Core/Inc/LCD/LCD_menus.o
                0x0800120c                printRunning
 .text.printTriggered
                0x080013a8       0x20 ./Core/Inc/LCD/LCD_menus.o
                0x080013a8                printTriggered
 .text.printViewConfigLogT1
                0x080013c8       0x6c ./Core/Inc/LCD/LCD_menus.o
                0x080013c8                printViewConfigLogT1
 .text.printViewConfigLogT2
                0x08001434       0x6c ./Core/Inc/LCD/LCD_menus.o
                0x08001434                printViewConfigLogT2
 .text.printEditConfigLogT1
                0x080014a0       0x74 ./Core/Inc/LCD/LCD_menus.o
                0x080014a0                printEditConfigLogT1
 .text.printEditConfigLogT2
                0x08001514       0x74 ./Core/Inc/LCD/LCD_menus.o
                0x08001514                printEditConfigLogT2
 .text.printConfigVolver
                0x08001588       0x48 ./Core/Inc/LCD/LCD_menus.o
                0x08001588                printConfigVolver
 .text.printConfigEntrar
                0x080015d0       0x48 ./Core/Inc/LCD/LCD_menus.o
                0x080015d0                printConfigEntrar
 .text.main     0x08001618      0x938 ./Core/Src/main.o
                0x08001618                main
 .text.SystemClock_Config
                0x08001f50       0x8a ./Core/Src/main.o
                0x08001f50                SystemClock_Config
 *fill*         0x08001fda        0x2 
 .text.MX_TIM1_Init
                0x08001fdc       0xa0 ./Core/Src/main.o
 .text.MX_GPIO_Init
                0x0800207c      0x120 ./Core/Src/main.o
 .text.HAL_GPIO_EXTI_Callback
                0x0800219c      0x1c0 ./Core/Src/main.o
                0x0800219c                HAL_GPIO_EXTI_Callback
 .text.delay_us
                0x0800235c       0x30 ./Core/Src/main.o
                0x0800235c                delay_us
 .text.switchToMenu
                0x0800238c      0x1a8 ./Core/Src/main.o
                0x0800238c                switchToMenu
 .text.readEncoder
                0x08002534       0x68 ./Core/Src/main.o
                0x08002534                readEncoder
 .text.readButton
                0x0800259c       0x90 ./Core/Src/main.o
                0x0800259c                readButton
 .text.Error_Handler
                0x0800262c        0xc ./Core/Src/main.o
                0x0800262c                Error_Handler
 .text.HAL_MspInit
                0x08002638       0x64 ./Core/Src/stm32f1xx_hal_msp.o
                0x08002638                HAL_MspInit
 .text.HAL_TIM_Base_MspInit
                0x0800269c       0x3c ./Core/Src/stm32f1xx_hal_msp.o
                0x0800269c                HAL_TIM_Base_MspInit
 .text.NMI_Handler
                0x080026d8        0x8 ./Core/Src/stm32f1xx_it.o
                0x080026d8                NMI_Handler
 .text.HardFault_Handler
                0x080026e0        0x8 ./Core/Src/stm32f1xx_it.o
                0x080026e0                HardFault_Handler
 .text.MemManage_Handler
                0x080026e8        0x8 ./Core/Src/stm32f1xx_it.o
                0x080026e8                MemManage_Handler
 .text.BusFault_Handler
                0x080026f0        0x8 ./Core/Src/stm32f1xx_it.o
                0x080026f0                BusFault_Handler
 .text.UsageFault_Handler
                0x080026f8        0x8 ./Core/Src/stm32f1xx_it.o
                0x080026f8                UsageFault_Handler
 .text.SVC_Handler
                0x08002700        0xc ./Core/Src/stm32f1xx_it.o
                0x08002700                SVC_Handler
 .text.DebugMon_Handler
                0x0800270c        0xc ./Core/Src/stm32f1xx_it.o
                0x0800270c                DebugMon_Handler
 .text.PendSV_Handler
                0x08002718        0xc ./Core/Src/stm32f1xx_it.o
                0x08002718                PendSV_Handler
 .text.SysTick_Handler
                0x08002724        0xc ./Core/Src/stm32f1xx_it.o
                0x08002724                SysTick_Handler
 .text.EXTI15_10_IRQHandler
                0x08002730       0x10 ./Core/Src/stm32f1xx_it.o
                0x08002730                EXTI15_10_IRQHandler
 .text.SystemInit
                0x08002740        0xc ./Core/Src/system_stm32f1xx.o
                0x08002740                SystemInit
 .text.Reset_Handler
                0x0800274c       0x48 ./Core/Startup/startup_stm32f103c8tx.o
                0x0800274c                Reset_Handler
 .text.Default_Handler
                0x08002794        0x2 ./Core/Startup/startup_stm32f103c8tx.o
                0x08002794                RTC_Alarm_IRQHandler
                0x08002794                EXTI2_IRQHandler
                0x08002794                TIM1_CC_IRQHandler
                0x08002794                PVD_IRQHandler
                0x08002794                EXTI3_IRQHandler
                0x08002794                EXTI0_IRQHandler
                0x08002794                I2C2_EV_IRQHandler
                0x08002794                ADC1_2_IRQHandler
                0x08002794                SPI1_IRQHandler
                0x08002794                TAMPER_IRQHandler
                0x08002794                DMA1_Channel4_IRQHandler
                0x08002794                USART3_IRQHandler
                0x08002794                RTC_IRQHandler
                0x08002794                DMA1_Channel7_IRQHandler
                0x08002794                CAN1_RX1_IRQHandler
                0x08002794                TIM4_IRQHandler
                0x08002794                I2C1_EV_IRQHandler
                0x08002794                DMA1_Channel6_IRQHandler
                0x08002794                TIM3_IRQHandler
                0x08002794                RCC_IRQHandler
                0x08002794                TIM1_TRG_COM_IRQHandler
                0x08002794                DMA1_Channel1_IRQHandler
                0x08002794                Default_Handler
                0x08002794                EXTI9_5_IRQHandler
                0x08002794                SPI2_IRQHandler
                0x08002794                DMA1_Channel5_IRQHandler
                0x08002794                EXTI4_IRQHandler
                0x08002794                USB_LP_CAN1_RX0_IRQHandler
                0x08002794                USB_HP_CAN1_TX_IRQHandler
                0x08002794                DMA1_Channel3_IRQHandler
                0x08002794                TIM1_UP_IRQHandler
                0x08002794                WWDG_IRQHandler
                0x08002794                TIM2_IRQHandler
                0x08002794                TIM1_BRK_IRQHandler
                0x08002794                EXTI1_IRQHandler
                0x08002794                USART2_IRQHandler
                0x08002794                I2C2_ER_IRQHandler
                0x08002794                DMA1_Channel2_IRQHandler
                0x08002794                CAN1_SCE_IRQHandler
                0x08002794                FLASH_IRQHandler
                0x08002794                USART1_IRQHandler
                0x08002794                I2C1_ER_IRQHandler
                0x08002794                USBWakeUp_IRQHandler
 *fill*         0x08002796        0x2 
 .text.HAL_Init
                0x08002798       0x2c ./Drivers/STM32F1xx_HAL_Driver/Src/stm32f1xx_hal.o
                0x08002798                HAL_Init
 .text.HAL_InitTick
                0x080027c4       0x60 ./Drivers/STM32F1xx_HAL_Driver/Src/stm32f1xx_hal.o
                0x080027c4                HAL_InitTick
 .text.HAL_IncTick
                0x08002824       0x24 ./Drivers/STM32F1xx_HAL_Driver/Src/stm32f1xx_hal.o
                0x08002824                HAL_IncTick
 .text.HAL_GetTick
                0x08002848       0x14 ./Drivers/STM32F1xx_HAL_Driver/Src/stm32f1xx_hal.o
                0x08002848                HAL_GetTick
 .text.HAL_Delay
                0x0800285c       0x48 ./Drivers/STM32F1xx_HAL_Driver/Src/stm32f1xx_hal.o
                0x0800285c                HAL_Delay
 .text.__NVIC_SetPriorityGrouping
                0x080028a4       0x48 ./Drivers/STM32F1xx_HAL_Driver/Src/stm32f1xx_hal_cortex.o
 .text.__NVIC_GetPriorityGrouping
                0x080028ec       0x1c ./Drivers/STM32F1xx_HAL_Driver/Src/stm32f1xx_hal_cortex.o
 .text.__NVIC_EnableIRQ
                0x08002908       0x38 ./Drivers/STM32F1xx_HAL_Driver/Src/stm32f1xx_hal_cortex.o
 .text.__NVIC_DisableIRQ
                0x08002940       0x48 ./Drivers/STM32F1xx_HAL_Driver/Src/stm32f1xx_hal_cortex.o
 .text.__NVIC_SetPriority
                0x08002988       0x54 ./Drivers/STM32F1xx_HAL_Driver/Src/stm32f1xx_hal_cortex.o
 .text.NVIC_EncodePriority
                0x080029dc       0x64 ./Drivers/STM32F1xx_HAL_Driver/Src/stm32f1xx_hal_cortex.o
 .text.SysTick_Config
                0x08002a40       0x44 ./Drivers/STM32F1xx_HAL_Driver/Src/stm32f1xx_hal_cortex.o
 .text.HAL_NVIC_SetPriorityGrouping
                0x08002a84       0x16 ./Drivers/STM32F1xx_HAL_Driver/Src/stm32f1xx_hal_cortex.o
                0x08002a84                HAL_NVIC_SetPriorityGrouping
 .text.HAL_NVIC_SetPriority
                0x08002a9a       0x38 ./Drivers/STM32F1xx_HAL_Driver/Src/stm32f1xx_hal_cortex.o
                0x08002a9a                HAL_NVIC_SetPriority
 .text.HAL_NVIC_EnableIRQ
                0x08002ad2       0x1c ./Drivers/STM32F1xx_HAL_Driver/Src/stm32f1xx_hal_cortex.o
                0x08002ad2                HAL_NVIC_EnableIRQ
 .text.HAL_NVIC_DisableIRQ
                0x08002aee       0x1c ./Drivers/STM32F1xx_HAL_Driver/Src/stm32f1xx_hal_cortex.o
                0x08002aee                HAL_NVIC_DisableIRQ
 .text.HAL_SYSTICK_Config
                0x08002b0a       0x18 ./Drivers/STM32F1xx_HAL_Driver/Src/stm32f1xx_hal_cortex.o
                0x08002b0a                HAL_SYSTICK_Config
 *fill*         0x08002b22        0x2 
 .text.HAL_GPIO_Init
                0x08002b24      0x308 ./Drivers/STM32F1xx_HAL_Driver/Src/stm32f1xx_hal_gpio.o
                0x08002b24                HAL_GPIO_Init
 .text.HAL_GPIO_ReadPin
                0x08002e2c       0x2e ./Drivers/STM32F1xx_HAL_Driver/Src/stm32f1xx_hal_gpio.o
                0x08002e2c                HAL_GPIO_ReadPin
 .text.HAL_GPIO_WritePin
                0x08002e5a       0x30 ./Drivers/STM32F1xx_HAL_Driver/Src/stm32f1xx_hal_gpio.o
                0x08002e5a                HAL_GPIO_WritePin
 *fill*         0x08002e8a        0x2 
 .text.HAL_GPIO_EXTI_IRQHandler
                0x08002e8c       0x30 ./Drivers/STM32F1xx_HAL_Driver/Src/stm32f1xx_hal_gpio.o
                0x08002e8c                HAL_GPIO_EXTI_IRQHandler
 .text.HAL_RCC_OscConfig
                0x08002ebc      0x504 ./Drivers/STM32F1xx_HAL_Driver/Src/stm32f1xx_hal_rcc.o
                0x08002ebc                HAL_RCC_OscConfig
 .text.HAL_RCC_ClockConfig
                0x080033c0      0x1d4 ./Drivers/STM32F1xx_HAL_Driver/Src/stm32f1xx_hal_rcc.o
                0x080033c0                HAL_RCC_ClockConfig
 .text.HAL_RCC_GetSysClockFreq
                0x08003594       0xa8 ./Drivers/STM32F1xx_HAL_Driver/Src/stm32f1xx_hal_rcc.o
                0x08003594                HAL_RCC_GetSysClockFreq
 .text.RCC_Delay
                0x0800363c       0x3c ./Drivers/STM32F1xx_HAL_Driver/Src/stm32f1xx_hal_rcc.o
 .text.HAL_TIM_Base_Init
                0x08003678       0x9e ./Drivers/STM32F1xx_HAL_Driver/Src/stm32f1xx_hal_tim.o
                0x08003678                HAL_TIM_Base_Init
 *fill*         0x08003716        0x2 
 .text.HAL_TIM_Base_Start
                0x08003718       0x94 ./Drivers/STM32F1xx_HAL_Driver/Src/stm32f1xx_hal_tim.o
                0x08003718                HAL_TIM_Base_Start
 .text.HAL_TIM_ConfigClockSource
                0x080037ac      0x18e ./Drivers/STM32F1xx_HAL_Driver/Src/stm32f1xx_hal_tim.o
                0x080037ac                HAL_TIM_ConfigClockSource
 *fill*         0x0800393a        0x2 
 .text.TIM_Base_SetConfig
                0x0800393c       0xc4 ./Drivers/STM32F1xx_HAL_Driver/Src/stm32f1xx_hal_tim.o
                0x0800393c                TIM_Base_SetConfig
 .text.TIM_TI1_ConfigInputStage
                0x08003a00       0x5c ./Drivers/STM32F1xx_HAL_Driver/Src/stm32f1xx_hal_tim.o
 .text.TIM_TI2_ConfigInputStage
                0x08003a5c       0x5e ./Drivers/STM32F1xx_HAL_Driver/Src/stm32f1xx_hal_tim.o
 .text.TIM_ITRx_SetConfig
                0x08003aba       0x34 ./Drivers/STM32F1xx_HAL_Driver/Src/stm32f1xx_hal_tim.o
 .text.TIM_ETR_SetConfig
                0x08003aee       0x3e ./Drivers/STM32F1xx_HAL_Driver/Src/stm32f1xx_hal_tim.o
                0x08003aee                TIM_ETR_SetConfig
 .text.HAL_TIMEx_MasterConfigSynchronization
                0x08003b2c       0xbc ./Drivers/STM32F1xx_HAL_Driver/Src/stm32f1xx_hal_tim_ex.o
                0x08003b2c                HAL_TIMEx_MasterConfigSynchronization
 .text.__itoa   0x08003be8       0x30 C:/ST/STM32CubeIDE_1.15.0/STM32CubeIDE/plugins/com.st.stm32cube.ide.mcu.externaltools.gnu-tools-for-stm32.12.3.rel1.win32_1.0.100.202403111256/tools/bin/../lib/gcc/arm-none-eabi/12.3.1/../../../../arm-none-eabi/lib/thumb/v7-m/nofp\libc_nano.a(libc_a-itoa.o)
                0x08003be8                __itoa
 .text.itoa     0x08003c18        0x4 C:/ST/STM32CubeIDE_1.15.0/STM32CubeIDE/plugins/com.st.stm32cube.ide.mcu.externaltools.gnu-tools-for-stm32.12.3.rel1.win32_1.0.100.202403111256/tools/bin/../lib/gcc/arm-none-eabi/12.3.1/../../../../arm-none-eabi/lib/thumb/v7-m/nofp\libc_nano.a(libc_a-itoa.o)
                0x08003c18                itoa
 .text.__utoa   0x08003c1c       0x84 C:/ST/STM32CubeIDE_1.15.0/STM32CubeIDE/plugins/com.st.stm32cube.ide.mcu.externaltools.gnu-tools-for-stm32.12.3.rel1.win32_1.0.100.202403111256/tools/bin/../lib/gcc/arm-none-eabi/12.3.1/../../../../arm-none-eabi/lib/thumb/v7-m/nofp\libc_nano.a(libc_a-utoa.o)
                0x08003c1c                __utoa
 .text.memset   0x08003ca0       0x10 C:/ST/STM32CubeIDE_1.15.0/STM32CubeIDE/plugins/com.st.stm32cube.ide.mcu.externaltools.gnu-tools-for-stm32.12.3.rel1.win32_1.0.100.202403111256/tools/bin/../lib/gcc/arm-none-eabi/12.3.1/../../../../arm-none-eabi/lib/thumb/v7-m/nofp\libc_nano.a(libc_a-memset.o)
                0x08003ca0                memset
 .text.__libc_init_array
                0x08003cb0       0x48 C:/ST/STM32CubeIDE_1.15.0/STM32CubeIDE/plugins/com.st.stm32cube.ide.mcu.externaltools.gnu-tools-for-stm32.12.3.rel1.win32_1.0.100.202403111256/tools/bin/../lib/gcc/arm-none-eabi/12.3.1/../../../../arm-none-eabi/lib/thumb/v7-m/nofp\libc_nano.a(libc_a-init.o)
                0x08003cb0                __libc_init_array
 *(.glue_7)
 .glue_7        0x08003cf8        0x0 linker stubs
 *(.glue_7t)
 .glue_7t       0x08003cf8        0x0 linker stubs
 *(.eh_frame)
 .eh_frame      0x08003cf8        0x0 C:/ST/STM32CubeIDE_1.15.0/STM32CubeIDE/plugins/com.st.stm32cube.ide.mcu.externaltools.gnu-tools-for-stm32.12.3.rel1.win32_1.0.100.202403111256/tools/bin/../lib/gcc/arm-none-eabi/12.3.1/thumb/v7-m/nofp/crtbegin.o
 *(.init)
 .init          0x08003cf8        0x4 C:/ST/STM32CubeIDE_1.15.0/STM32CubeIDE/plugins/com.st.stm32cube.ide.mcu.externaltools.gnu-tools-for-stm32.12.3.rel1.win32_1.0.100.202403111256/tools/bin/../lib/gcc/arm-none-eabi/12.3.1/thumb/v7-m/nofp/crti.o
                0x08003cf8                _init
 .init          0x08003cfc        0x8 C:/ST/STM32CubeIDE_1.15.0/STM32CubeIDE/plugins/com.st.stm32cube.ide.mcu.externaltools.gnu-tools-for-stm32.12.3.rel1.win32_1.0.100.202403111256/tools/bin/../lib/gcc/arm-none-eabi/12.3.1/thumb/v7-m/nofp/crtn.o
 *(.fini)
 .fini          0x08003d04        0x4 C:/ST/STM32CubeIDE_1.15.0/STM32CubeIDE/plugins/com.st.stm32cube.ide.mcu.externaltools.gnu-tools-for-stm32.12.3.rel1.win32_1.0.100.202403111256/tools/bin/../lib/gcc/arm-none-eabi/12.3.1/thumb/v7-m/nofp/crti.o
                0x08003d04                _fini
 .fini          0x08003d08        0x8 C:/ST/STM32CubeIDE_1.15.0/STM32CubeIDE/plugins/com.st.stm32cube.ide.mcu.externaltools.gnu-tools-for-stm32.12.3.rel1.win32_1.0.100.202403111256/tools/bin/../lib/gcc/arm-none-eabi/12.3.1/thumb/v7-m/nofp/crtn.o
                0x08003d10                        . = ALIGN (0x4)
                0x08003d10                        _etext = .

.vfp11_veneer   0x08003d10        0x0
 .vfp11_veneer  0x08003d10        0x0 linker stubs

.v4_bx          0x08003d10        0x0
 .v4_bx         0x08003d10        0x0 linker stubs

.iplt           0x08003d10        0x0
 .iplt          0x08003d10        0x0 C:/ST/STM32CubeIDE_1.15.0/STM32CubeIDE/plugins/com.st.stm32cube.ide.mcu.externaltools.gnu-tools-for-stm32.12.3.rel1.win32_1.0.100.202403111256/tools/bin/../lib/gcc/arm-none-eabi/12.3.1/thumb/v7-m/nofp/crtbegin.o

.rodata         0x08003d10      0x2e8
                0x08003d10                        . = ALIGN (0x4)
 *(.rodata)
 .rodata        0x08003d10      0x274 ./Core/Inc/LCD/LCD_menus.o
 .rodata        0x08003f84       0x2b ./Core/Src/main.o
 *(.rodata*)
 *fill*         0x08003faf        0x1 
 .rodata.AHBPrescTable
                0x08003fb0       0x10 ./Core/Src/system_stm32f1xx.o
                0x08003fb0                AHBPrescTable
 .rodata.aPLLMULFactorTable.1
                0x08003fc0       0x10 ./Drivers/STM32F1xx_HAL_Driver/Src/stm32f1xx_hal_rcc.o
 .rodata.aPredivFactorTable.0
                0x08003fd0        0x2 ./Drivers/STM32F1xx_HAL_Driver/Src/stm32f1xx_hal_rcc.o
 .rodata.__utoa.str1.1
                0x08003fd2       0x25 C:/ST/STM32CubeIDE_1.15.0/STM32CubeIDE/plugins/com.st.stm32cube.ide.mcu.externaltools.gnu-tools-for-stm32.12.3.rel1.win32_1.0.100.202403111256/tools/bin/../lib/gcc/arm-none-eabi/12.3.1/../../../../arm-none-eabi/lib/thumb/v7-m/nofp\libc_nano.a(libc_a-utoa.o)
                0x08003ff8                        . = ALIGN (0x4)
 *fill*         0x08003ff7        0x1 

.ARM.extab      0x08003ff8        0x0
                0x08003ff8                        . = ALIGN (0x4)
 *(.ARM.extab* .gnu.linkonce.armextab.*)
                0x08003ff8                        . = ALIGN (0x4)

.ARM            0x08003ff8        0x0
                0x08003ff8                        . = ALIGN (0x4)
                0x08003ff8                        __exidx_start = .
 *(.ARM.exidx*)
                0x08003ff8                        __exidx_end = .
                0x08003ff8                        . = ALIGN (0x4)

.preinit_array  0x08003ff8        0x0
                0x08003ff8                        . = ALIGN (0x4)
                0x08003ff8                        PROVIDE (__preinit_array_start = .)
 *(.preinit_array*)
                0x08003ff8                        PROVIDE (__preinit_array_end = .)
                0x08003ff8                        . = ALIGN (0x4)

.init_array     0x08003ff8        0x4
                0x08003ff8                        . = ALIGN (0x4)
                0x08003ff8                        PROVIDE (__init_array_start = .)
 *(SORT_BY_NAME(.init_array.*))
 *(.init_array*)
 .init_array    0x08003ff8        0x4 C:/ST/STM32CubeIDE_1.15.0/STM32CubeIDE/plugins/com.st.stm32cube.ide.mcu.externaltools.gnu-tools-for-stm32.12.3.rel1.win32_1.0.100.202403111256/tools/bin/../lib/gcc/arm-none-eabi/12.3.1/thumb/v7-m/nofp/crtbegin.o
                0x08003ffc                        PROVIDE (__init_array_end = .)
                0x08003ffc                        . = ALIGN (0x4)

.fini_array     0x08003ffc        0x4
                0x08003ffc                        . = ALIGN (0x4)
                [!provide]                        PROVIDE (__fini_array_start = .)
 *(SORT_BY_NAME(.fini_array.*))
 *(.fini_array*)
 .fini_array    0x08003ffc        0x4 C:/ST/STM32CubeIDE_1.15.0/STM32CubeIDE/plugins/com.st.stm32cube.ide.mcu.externaltools.gnu-tools-for-stm32.12.3.rel1.win32_1.0.100.202403111256/tools/bin/../lib/gcc/arm-none-eabi/12.3.1/thumb/v7-m/nofp/crtbegin.o
                [!provide]                        PROVIDE (__fini_array_end = .)
                0x08004000                        . = ALIGN (0x4)
                0x08004000                        _sidata = LOADADDR (.data)

.rel.dyn        0x08004000        0x0
 .rel.iplt      0x08004000        0x0 C:/ST/STM32CubeIDE_1.15.0/STM32CubeIDE/plugins/com.st.stm32cube.ide.mcu.externaltools.gnu-tools-for-stm32.12.3.rel1.win32_1.0.100.202403111256/tools/bin/../lib/gcc/arm-none-eabi/12.3.1/thumb/v7-m/nofp/crtbegin.o

.data           0x20000000       0x10 load address 0x08004000
                0x20000000                        . = ALIGN (0x4)
                0x20000000                        _sdata = .
 *(.data)
 *(.data*)
 .data.logicaQ1
                0x20000000        0x1 ./Core/Src/main.o
                0x20000000                logicaQ1
 .data.logicaQ2
                0x20000001        0x1 ./Core/Src/main.o
                0x20000001                logicaQ2
 *fill*         0x20000002        0x2 
 .data.SystemCoreClock
                0x20000004        0x4 ./Core/Src/system_stm32f1xx.o
                0x20000004                SystemCoreClock
 .data.uwTickPrio
                0x20000008        0x4 ./Drivers/STM32F1xx_HAL_Driver/Src/stm32f1xx_hal.o
                0x20000008                uwTickPrio
 .data.uwTickFreq
                0x2000000c        0x1 ./Drivers/STM32F1xx_HAL_Driver/Src/stm32f1xx_hal.o
                0x2000000c                uwTickFreq
 *(.RamFunc)
 *(.RamFunc*)
                0x20000010                        . = ALIGN (0x4)
 *fill*         0x2000000d        0x3 
                0x20000010                        _edata = .

.igot.plt       0x20000010        0x0 load address 0x08004010
 .igot.plt      0x20000010        0x0 C:/ST/STM32CubeIDE_1.15.0/STM32CubeIDE/plugins/com.st.stm32cube.ide.mcu.externaltools.gnu-tools-for-stm32.12.3.rel1.win32_1.0.100.202403111256/tools/bin/../lib/gcc/arm-none-eabi/12.3.1/thumb/v7-m/nofp/crtbegin.o
                0x20000010                        . = ALIGN (0x4)

.bss            0x20000010       0x80 load address 0x08004010
                0x20000010                        _sbss = .
                0x20000010                        __bss_start__ = _sbss
 *(.bss)
 .bss           0x20000010       0x1c C:/ST/STM32CubeIDE_1.15.0/STM32CubeIDE/plugins/com.st.stm32cube.ide.mcu.externaltools.gnu-tools-for-stm32.12.3.rel1.win32_1.0.100.202403111256/tools/bin/../lib/gcc/arm-none-eabi/12.3.1/thumb/v7-m/nofp/crtbegin.o
 *(.bss*)
 .bss.LCD_buff  0x2000002c        0xa ./Core/Inc/LCD/LCD.o
 *fill*         0x20000036        0x2 
 .bss.htim1     0x20000038       0x48 ./Core/Src/main.o
                0x20000038                htim1
 .bss.menu      0x20000080        0x1 ./Core/Src/main.o
                0x20000080                menu
 .bss.modeT1    0x20000081        0x1 ./Core/Src/main.o
                0x20000081                modeT1
 .bss.T1        0x20000082        0x2 ./Core/Src/main.o
                0x20000082                T1
 .bss.T2        0x20000084        0x2 ./Core/Src/main.o
                0x20000084                T2
 .bss.T3        0x20000086        0x2 ./Core/Src/main.o
                0x20000086                T3
 .bss.T1_lcd    0x20000088        0x2 ./Core/Src/main.o
                0x20000088                T1_lcd
 .bss.prev_CLK.1
                0x2000008a        0x1 ./Core/Src/main.o
 .bss.bt_prev.0
                0x2000008b        0x1 ./Core/Src/main.o
 .bss.uwTick    0x2000008c        0x4 ./Drivers/STM32F1xx_HAL_Driver/Src/stm32f1xx_hal.o
                0x2000008c                uwTick
 *(COMMON)
                0x20000090                        . = ALIGN (0x4)
                0x20000090                        _ebss = .
                0x20000090                        __bss_end__ = _ebss

._user_heap_stack
                0x20000090      0x600 load address 0x08004010
                0x20000090                        . = ALIGN (0x8)
                [!provide]                        PROVIDE (end = .)
                0x20000090                        PROVIDE (_end = .)
                0x20000290                        . = (. + _Min_Heap_Size)
 *fill*         0x20000090      0x200 
                0x20000690                        . = (. + _Min_Stack_Size)
 *fill*         0x20000290      0x400 
                0x20000690                        . = ALIGN (0x8)

/DISCARD/
 libc.a(*)
 libm.a(*)
 libgcc.a(*)

.ARM.attributes
                0x00000000       0x29
 *(.ARM.attributes)
 .ARM.attributes
                0x00000000       0x1d C:/ST/STM32CubeIDE_1.15.0/STM32CubeIDE/plugins/com.st.stm32cube.ide.mcu.externaltools.gnu-tools-for-stm32.12.3.rel1.win32_1.0.100.202403111256/tools/bin/../lib/gcc/arm-none-eabi/12.3.1/thumb/v7-m/nofp/crti.o
 .ARM.attributes
                0x0000001d       0x2d C:/ST/STM32CubeIDE_1.15.0/STM32CubeIDE/plugins/com.st.stm32cube.ide.mcu.externaltools.gnu-tools-for-stm32.12.3.rel1.win32_1.0.100.202403111256/tools/bin/../lib/gcc/arm-none-eabi/12.3.1/thumb/v7-m/nofp/crtbegin.o
 .ARM.attributes
                0x0000004a       0x2d ./Core/Inc/LCD/LCD.o
 .ARM.attributes
                0x00000077       0x2d ./Core/Inc/LCD/LCD_menus.o
 .ARM.attributes
                0x000000a4       0x2d ./Core/Src/main.o
 .ARM.attributes
                0x000000d1       0x2d ./Core/Src/stm32f1xx_hal_msp.o
 .ARM.attributes
                0x000000fe       0x2d ./Core/Src/stm32f1xx_it.o
 .ARM.attributes
                0x0000012b       0x2d ./Core/Src/system_stm32f1xx.o
 .ARM.attributes
                0x00000158       0x21 ./Core/Startup/startup_stm32f103c8tx.o
 .ARM.attributes
                0x00000179       0x2d ./Drivers/STM32F1xx_HAL_Driver/Src/stm32f1xx_hal.o
 .ARM.attributes
                0x000001a6       0x2d ./Drivers/STM32F1xx_HAL_Driver/Src/stm32f1xx_hal_cortex.o
 .ARM.attributes
                0x000001d3       0x2d ./Drivers/STM32F1xx_HAL_Driver/Src/stm32f1xx_hal_gpio.o
 .ARM.attributes
                0x00000200       0x2d ./Drivers/STM32F1xx_HAL_Driver/Src/stm32f1xx_hal_rcc.o
 .ARM.attributes
                0x0000022d       0x2d ./Drivers/STM32F1xx_HAL_Driver/Src/stm32f1xx_hal_tim.o
 .ARM.attributes
                0x0000025a       0x2d ./Drivers/STM32F1xx_HAL_Driver/Src/stm32f1xx_hal_tim_ex.o
 .ARM.attributes
                0x00000287       0x2d C:/ST/STM32CubeIDE_1.15.0/STM32CubeIDE/plugins/com.st.stm32cube.ide.mcu.externaltools.gnu-tools-for-stm32.12.3.rel1.win32_1.0.100.202403111256/tools/bin/../lib/gcc/arm-none-eabi/12.3.1/../../../../arm-none-eabi/lib/thumb/v7-m/nofp\libc_nano.a(libc_a-itoa.o)
 .ARM.attributes
                0x000002b4       0x2d C:/ST/STM32CubeIDE_1.15.0/STM32CubeIDE/plugins/com.st.stm32cube.ide.mcu.externaltools.gnu-tools-for-stm32.12.3.rel1.win32_1.0.100.202403111256/tools/bin/../lib/gcc/arm-none-eabi/12.3.1/../../../../arm-none-eabi/lib/thumb/v7-m/nofp\libc_nano.a(libc_a-utoa.o)
 .ARM.attributes
                0x000002e1       0x2d C:/ST/STM32CubeIDE_1.15.0/STM32CubeIDE/plugins/com.st.stm32cube.ide.mcu.externaltools.gnu-tools-for-stm32.12.3.rel1.win32_1.0.100.202403111256/tools/bin/../lib/gcc/arm-none-eabi/12.3.1/../../../../arm-none-eabi/lib/thumb/v7-m/nofp\libc_nano.a(libc_a-memset.o)
 .ARM.attributes
                0x0000030e       0x2d C:/ST/STM32CubeIDE_1.15.0/STM32CubeIDE/plugins/com.st.stm32cube.ide.mcu.externaltools.gnu-tools-for-stm32.12.3.rel1.win32_1.0.100.202403111256/tools/bin/../lib/gcc/arm-none-eabi/12.3.1/../../../../arm-none-eabi/lib/thumb/v7-m/nofp\libc_nano.a(libc_a-init.o)
 .ARM.attributes
                0x0000033b       0x1d C:/ST/STM32CubeIDE_1.15.0/STM32CubeIDE/plugins/com.st.stm32cube.ide.mcu.externaltools.gnu-tools-for-stm32.12.3.rel1.win32_1.0.100.202403111256/tools/bin/../lib/gcc/arm-none-eabi/12.3.1/thumb/v7-m/nofp\libgcc.a(_arm_addsubdf3.o)
 .ARM.attributes
                0x00000358       0x1d C:/ST/STM32CubeIDE_1.15.0/STM32CubeIDE/plugins/com.st.stm32cube.ide.mcu.externaltools.gnu-tools-for-stm32.12.3.rel1.win32_1.0.100.202403111256/tools/bin/../lib/gcc/arm-none-eabi/12.3.1/thumb/v7-m/nofp\libgcc.a(_arm_muldivdf3.o)
 .ARM.attributes
                0x00000375       0x1d C:/ST/STM32CubeIDE_1.15.0/STM32CubeIDE/plugins/com.st.stm32cube.ide.mcu.externaltools.gnu-tools-for-stm32.12.3.rel1.win32_1.0.100.202403111256/tools/bin/../lib/gcc/arm-none-eabi/12.3.1/thumb/v7-m/nofp\libgcc.a(_arm_fixunsdfsi.o)
 .ARM.attributes
                0x00000392       0x1d C:/ST/STM32CubeIDE_1.15.0/STM32CubeIDE/plugins/com.st.stm32cube.ide.mcu.externaltools.gnu-tools-for-stm32.12.3.rel1.win32_1.0.100.202403111256/tools/bin/../lib/gcc/arm-none-eabi/12.3.1/thumb/v7-m/nofp/crtn.o
OUTPUT(SyncWaveTrigger.elf elf32-littlearm)
LOAD linker stubs
LOAD C:/ST/STM32CubeIDE_1.15.0/STM32CubeIDE/plugins/com.st.stm32cube.ide.mcu.externaltools.gnu-tools-for-stm32.12.3.rel1.win32_1.0.100.202403111256/tools/bin/../lib/gcc/arm-none-eabi/12.3.1/../../../../arm-none-eabi/lib/thumb/v7-m/nofp\libc.a
LOAD C:/ST/STM32CubeIDE_1.15.0/STM32CubeIDE/plugins/com.st.stm32cube.ide.mcu.externaltools.gnu-tools-for-stm32.12.3.rel1.win32_1.0.100.202403111256/tools/bin/../lib/gcc/arm-none-eabi/12.3.1/../../../../arm-none-eabi/lib/thumb/v7-m/nofp\libm.a
LOAD C:/ST/STM32CubeIDE_1.15.0/STM32CubeIDE/plugins/com.st.stm32cube.ide.mcu.externaltools.gnu-tools-for-stm32.12.3.rel1.win32_1.0.100.202403111256/tools/bin/../lib/gcc/arm-none-eabi/12.3.1/thumb/v7-m/nofp\libgcc.a

.debug_info     0x00000000     0x82e9
 .debug_info    0x00000000      0x398 ./Core/Inc/LCD/LCD.o
 .debug_info    0x00000398      0x530 ./Core/Inc/LCD/LCD_menus.o
 .debug_info    0x000008c8     0x11fb ./Core/Src/main.o
 .debug_info    0x00001ac3      0x7a8 ./Core/Src/stm32f1xx_hal_msp.o
 .debug_info    0x0000226b      0x14b ./Core/Src/stm32f1xx_it.o
 .debug_info    0x000023b6      0x222 ./Core/Src/system_stm32f1xx.o
 .debug_info    0x000025d8       0x30 ./Core/Startup/startup_stm32f103c8tx.o
 .debug_info    0x00002608      0x704 ./Drivers/STM32F1xx_HAL_Driver/Src/stm32f1xx_hal.o
 .debug_info    0x00002d0c      0xa87 ./Drivers/STM32F1xx_HAL_Driver/Src/stm32f1xx_hal_cortex.o
 .debug_info    0x00003793      0x5ab ./Drivers/STM32F1xx_HAL_Driver/Src/stm32f1xx_hal_gpio.o
 .debug_info    0x00003d3e      0x7d5 ./Drivers/STM32F1xx_HAL_Driver/Src/stm32f1xx_hal_rcc.o
 .debug_info    0x00004513     0x293b ./Drivers/STM32F1xx_HAL_Driver/Src/stm32f1xx_hal_tim.o
 .debug_info    0x00006e4e     0x149b ./Drivers/STM32F1xx_HAL_Driver/Src/stm32f1xx_hal_tim_ex.o

.debug_abbrev   0x00000000     0x1829
 .debug_abbrev  0x00000000      0x19b ./Core/Inc/LCD/LCD.o
 .debug_abbrev  0x0000019b      0x177 ./Core/Inc/LCD/LCD_menus.o
 .debug_abbrev  0x00000312      0x317 ./Core/Src/main.o
 .debug_abbrev  0x00000629      0x18e ./Core/Src/stm32f1xx_hal_msp.o
 .debug_abbrev  0x000007b7       0xa0 ./Core/Src/stm32f1xx_it.o
 .debug_abbrev  0x00000857      0x13f ./Core/Src/system_stm32f1xx.o
 .debug_abbrev  0x00000996       0x24 ./Core/Startup/startup_stm32f103c8tx.o
 .debug_abbrev  0x000009ba      0x201 ./Drivers/STM32F1xx_HAL_Driver/Src/stm32f1xx_hal.o
 .debug_abbrev  0x00000bbb      0x2f8 ./Drivers/STM32F1xx_HAL_Driver/Src/stm32f1xx_hal_cortex.o
 .debug_abbrev  0x00000eb3      0x1ca ./Drivers/STM32F1xx_HAL_Driver/Src/stm32f1xx_hal_gpio.o
 .debug_abbrev  0x0000107d      0x2b3 ./Drivers/STM32F1xx_HAL_Driver/Src/stm32f1xx_hal_rcc.o
 .debug_abbrev  0x00001330      0x277 ./Drivers/STM32F1xx_HAL_Driver/Src/stm32f1xx_hal_tim.o
 .debug_abbrev  0x000015a7      0x282 ./Drivers/STM32F1xx_HAL_Driver/Src/stm32f1xx_hal_tim_ex.o

.debug_aranges  0x00000000      0xa60
 .debug_aranges
                0x00000000       0x60 ./Core/Inc/LCD/LCD.o
 .debug_aranges
                0x00000060       0xb0 ./Core/Inc/LCD/LCD_menus.o
 .debug_aranges
                0x00000110       0x68 ./Core/Src/main.o
 .debug_aranges
                0x00000178       0x30 ./Core/Src/stm32f1xx_hal_msp.o
 .debug_aranges
                0x000001a8       0x68 ./Core/Src/stm32f1xx_it.o
 .debug_aranges
                0x00000210       0x28 ./Core/Src/system_stm32f1xx.o
 .debug_aranges
                0x00000238       0x28 ./Core/Startup/startup_stm32f103c8tx.o
 .debug_aranges
                0x00000260       0xe0 ./Drivers/STM32F1xx_HAL_Driver/Src/stm32f1xx_hal.o
 .debug_aranges
                0x00000340      0x100 ./Drivers/STM32F1xx_HAL_Driver/Src/stm32f1xx_hal_cortex.o
 .debug_aranges
                0x00000440       0x58 ./Drivers/STM32F1xx_HAL_Driver/Src/stm32f1xx_hal_gpio.o
 .debug_aranges
                0x00000498       0x90 ./Drivers/STM32F1xx_HAL_Driver/Src/stm32f1xx_hal_rcc.o
 .debug_aranges
                0x00000528      0x3d0 ./Drivers/STM32F1xx_HAL_Driver/Src/stm32f1xx_hal_tim.o
 .debug_aranges
                0x000008f8      0x168 ./Drivers/STM32F1xx_HAL_Driver/Src/stm32f1xx_hal_tim_ex.o

.debug_rnglists
                0x00000000      0x7ff
 .debug_rnglists
                0x00000000       0x44 ./Core/Inc/LCD/LCD.o
 .debug_rnglists
                0x00000044       0x88 ./Core/Inc/LCD/LCD_menus.o
 .debug_rnglists
                0x000000cc       0x50 ./Core/Src/main.o
 .debug_rnglists
                0x0000011c       0x1f ./Core/Src/stm32f1xx_hal_msp.o
 .debug_rnglists
                0x0000013b       0x49 ./Core/Src/stm32f1xx_it.o
 .debug_rnglists
                0x00000184       0x1a ./Core/Src/system_stm32f1xx.o
 .debug_rnglists
                0x0000019e       0x19 ./Core/Startup/startup_stm32f103c8tx.o
 .debug_rnglists
                0x000001b7       0xa3 ./Drivers/STM32F1xx_HAL_Driver/Src/stm32f1xx_hal.o
 .debug_rnglists
                0x0000025a       0xbb ./Drivers/STM32F1xx_HAL_Driver/Src/stm32f1xx_hal_cortex.o
 .debug_rnglists
                0x00000315       0x3f ./Drivers/STM32F1xx_HAL_Driver/Src/stm32f1xx_hal_gpio.o
 .debug_rnglists
                0x00000354       0x6c ./Drivers/STM32F1xx_HAL_Driver/Src/stm32f1xx_hal_rcc.o
 .debug_rnglists
                0x000003c0      0x31a ./Drivers/STM32F1xx_HAL_Driver/Src/stm32f1xx_hal_tim.o
 .debug_rnglists
                0x000006da      0x125 ./Drivers/STM32F1xx_HAL_Driver/Src/stm32f1xx_hal_tim_ex.o

.debug_macro    0x00000000    0x17779
 .debug_macro   0x00000000      0x303 ./Core/Inc/LCD/LCD.o
 .debug_macro   0x00000303      0xaa8 ./Core/Inc/LCD/LCD.o
 .debug_macro   0x00000dab      0x215 ./Core/Inc/LCD/LCD.o
 .debug_macro   0x00000fc0       0x2e ./Core/Inc/LCD/LCD.o
 .debug_macro   0x00000fee       0x22 ./Core/Inc/LCD/LCD.o
 .debug_macro   0x00001010       0x22 ./Core/Inc/LCD/LCD.o
 .debug_macro   0x00001032       0x8e ./Core/Inc/LCD/LCD.o
 .debug_macro   0x000010c0       0x51 ./Core/Inc/LCD/LCD.o
 .debug_macro   0x00001111      0x103 ./Core/Inc/LCD/LCD.o
 .debug_macro   0x00001214       0x6a ./Core/Inc/LCD/LCD.o
 .debug_macro   0x0000127e      0x1df ./Core/Inc/LCD/LCD.o
 .debug_macro   0x0000145d       0x1c ./Core/Inc/LCD/LCD.o
 .debug_macro   0x00001479       0x22 ./Core/Inc/LCD/LCD.o
 .debug_macro   0x0000149b       0xbd ./Core/Inc/LCD/LCD.o
 .debug_macro   0x00001558      0xd23 ./Core/Inc/LCD/LCD.o
 .debug_macro   0x0000227b     0xe09e ./Core/Inc/LCD/LCD.o
 .debug_macro   0x00010319       0x6d ./Core/Inc/LCD/LCD.o
 .debug_macro   0x00010386     0x348d ./Core/Inc/LCD/LCD.o
 .debug_macro   0x00013813      0x189 ./Core/Inc/LCD/LCD.o
 .debug_macro   0x0001399c       0x5c ./Core/Inc/LCD/LCD.o
 .debug_macro   0x000139f8      0x5bc ./Core/Inc/LCD/LCD.o
 .debug_macro   0x00013fb4      0x289 ./Core/Inc/LCD/LCD.o
 .debug_macro   0x0001423d      0x1cb ./Core/Inc/LCD/LCD.o
 .debug_macro   0x00014408      0x114 ./Core/Inc/LCD/LCD.o
 .debug_macro   0x0001451c      0x1b2 ./Core/Inc/LCD/LCD.o
 .debug_macro   0x000146ce       0x27 ./Core/Inc/LCD/LCD.o
 .debug_macro   0x000146f5      0x136 ./Core/Inc/LCD/LCD.o
 .debug_macro   0x0001482b      0x1bc ./Core/Inc/LCD/LCD.o
 .debug_macro   0x000149e7       0x34 ./Core/Inc/LCD/LCD.o
 .debug_macro   0x00014a1b       0x3c ./Core/Inc/LCD/LCD.o
 .debug_macro   0x00014a57       0x57 ./Core/Inc/LCD/LCD.o
 .debug_macro   0x00014aae       0x87 ./Core/Inc/LCD/LCD.o
 .debug_macro   0x00014b35      0x240 ./Core/Inc/LCD/LCD.o
 .debug_macro   0x00014d75      0x140 ./Core/Inc/LCD/LCD.o
 .debug_macro   0x00014eb5      0x8ed ./Core/Inc/LCD/LCD.o
 .debug_macro   0x000157a2       0x83 ./Core/Inc/LCD/LCD.o
 .debug_macro   0x00015825       0x24 ./Core/Inc/LCD/LCD.o
 .debug_macro   0x00015849       0x61 ./Core/Inc/LCD/LCD.o
 .debug_macro   0x000158aa       0x43 ./Core/Inc/LCD/LCD.o
 .debug_macro   0x000158ed       0x34 ./Core/Inc/LCD/LCD.o
 .debug_macro   0x00015921       0x16 ./Core/Inc/LCD/LCD.o
 .debug_macro   0x00015937       0x35 ./Core/Inc/LCD/LCD.o
 .debug_macro   0x0001596c       0x16 ./Core/Inc/LCD/LCD.o
 .debug_macro   0x00015982       0x43 ./Core/Inc/LCD/LCD.o
 .debug_macro   0x000159c5       0x34 ./Core/Inc/LCD/LCD.o
 .debug_macro   0x000159f9       0x10 ./Core/Inc/LCD/LCD.o
 .debug_macro   0x00015a09       0x58 ./Core/Inc/LCD/LCD.o
 .debug_macro   0x00015a61       0x8e ./Core/Inc/LCD/LCD.o
 .debug_macro   0x00015aef       0x1c ./Core/Inc/LCD/LCD.o
 .debug_macro   0x00015b0b      0x177 ./Core/Inc/LCD/LCD.o
 .debug_macro   0x00015c82      0x369 ./Core/Inc/LCD/LCD.o
 .debug_macro   0x00015feb       0x16 ./Core/Inc/LCD/LCD.o
 .debug_macro   0x00016001       0x29 ./Core/Inc/LCD/LCD.o
 .debug_macro   0x0001602a       0x1c ./Core/Inc/LCD/LCD.o
 .debug_macro   0x00016046       0x10 ./Core/Inc/LCD/LCD.o
 .debug_macro   0x00016056       0x1c ./Core/Inc/LCD/LCD.o
 .debug_macro   0x00016072       0x16 ./Core/Inc/LCD/LCD.o
 .debug_macro   0x00016088      0x146 ./Core/Inc/LCD/LCD.o
 .debug_macro   0x000161ce      0x2a9 ./Core/Inc/LCD/LCD_menus.o
 .debug_macro   0x00016477      0x2c7 ./Core/Src/main.o
 .debug_macro   0x0001673e       0x9a ./Core/Src/main.o
 .debug_macro   0x000167d8       0x76 ./Core/Src/main.o
 .debug_macro   0x0001684e      0x1a8 ./Core/Src/stm32f1xx_hal_msp.o
 .debug_macro   0x000169f6      0x1b2 ./Core/Src/stm32f1xx_it.o
 .debug_macro   0x00016ba8      0x199 ./Core/Src/system_stm32f1xx.o
 .debug_macro   0x00016d41      0x1bd ./Drivers/STM32F1xx_HAL_Driver/Src/stm32f1xx_hal.o
 .debug_macro   0x00016efe      0x199 ./Drivers/STM32F1xx_HAL_Driver/Src/stm32f1xx_hal_cortex.o
 .debug_macro   0x00017097      0x204 ./Drivers/STM32F1xx_HAL_Driver/Src/stm32f1xx_hal_gpio.o
 .debug_macro   0x0001729b      0x1ab ./Drivers/STM32F1xx_HAL_Driver/Src/stm32f1xx_hal_rcc.o
 .debug_macro   0x00017446      0x19a ./Drivers/STM32F1xx_HAL_Driver/Src/stm32f1xx_hal_tim.o
 .debug_macro   0x000175e0      0x199 ./Drivers/STM32F1xx_HAL_Driver/Src/stm32f1xx_hal_tim_ex.o

.debug_line     0x00000000     0xb56a
 .debug_line    0x00000000      0x98a ./Core/Inc/LCD/LCD.o
 .debug_line    0x0000098a      0xc77 ./Core/Inc/LCD/LCD_menus.o
 .debug_line    0x00001601      0xe13 ./Core/Src/main.o
 .debug_line    0x00002414      0x725 ./Core/Src/stm32f1xx_hal_msp.o
 .debug_line    0x00002b39      0x7c7 ./Core/Src/stm32f1xx_it.o
 .debug_line    0x00003300      0x76b ./Core/Src/system_stm32f1xx.o
 .debug_line    0x00003a6b       0x78 ./Core/Startup/startup_stm32f103c8tx.o
 .debug_line    0x00003ae3      0x998 ./Drivers/STM32F1xx_HAL_Driver/Src/stm32f1xx_hal.o
 .debug_line    0x0000447b      0xb84 ./Drivers/STM32F1xx_HAL_Driver/Src/stm32f1xx_hal_cortex.o
 .debug_line    0x00004fff      0xa31 ./Drivers/STM32F1xx_HAL_Driver/Src/stm32f1xx_hal_gpio.o
 .debug_line    0x00005a30      0xda1 ./Drivers/STM32F1xx_HAL_Driver/Src/stm32f1xx_hal_rcc.o
 .debug_line    0x000067d1     0x34a2 ./Drivers/STM32F1xx_HAL_Driver/Src/stm32f1xx_hal_tim.o
 .debug_line    0x00009c73     0x18f7 ./Drivers/STM32F1xx_HAL_Driver/Src/stm32f1xx_hal_tim_ex.o

.debug_str      0x00000000    0x8857c
 .debug_str     0x00000000    0x85315 ./Core/Inc/LCD/LCD.o
                              0x85674 (size before relaxing)
 .debug_str     0x00085315      0x198 ./Core/Inc/LCD/LCD_menus.o
                              0x85346 (size before relaxing)
 .debug_str     0x000854ad     0x111a ./Core/Src/main.o
                              0x8659c (size before relaxing)
 .debug_str     0x000865c7       0x90 ./Core/Src/stm32f1xx_hal_msp.o
                              0x82146 (size before relaxing)
 .debug_str     0x00086657       0xf7 ./Core/Src/stm32f1xx_it.o
                              0x81cb3 (size before relaxing)
 .debug_str     0x0008674e       0x7e ./Core/Src/system_stm32f1xx.o
                              0x81a37 (size before relaxing)
 .debug_str     0x000867cc       0x44 ./Core/Startup/startup_stm32f103c8tx.o
                                 0x84 (size before relaxing)
 .debug_str     0x00086810      0x384 ./Drivers/STM32F1xx_HAL_Driver/Src/stm32f1xx_hal.o
                              0x8216a (size before relaxing)
 .debug_str     0x00086b94      0x294 ./Drivers/STM32F1xx_HAL_Driver/Src/stm32f1xx_hal_cortex.o
                              0x820b6 (size before relaxing)
 .debug_str     0x00086e28      0x28f ./Drivers/STM32F1xx_HAL_Driver/Src/stm32f1xx_hal_gpio.o
                              0x81dbd (size before relaxing)
 .debug_str     0x000870b7      0x229 ./Drivers/STM32F1xx_HAL_Driver/Src/stm32f1xx_hal_rcc.o
                              0x81e66 (size before relaxing)
 .debug_str     0x000872e0      0xe09 ./Drivers/STM32F1xx_HAL_Driver/Src/stm32f1xx_hal_tim.o
                              0x82e58 (size before relaxing)
 .debug_str     0x000880e9      0x493 ./Drivers/STM32F1xx_HAL_Driver/Src/stm32f1xx_hal_tim_ex.o
                              0x82674 (size before relaxing)

.comment        0x00000000       0x43
 .comment       0x00000000       0x43 ./Core/Inc/LCD/LCD.o
                                 0x44 (size before relaxing)
 .comment       0x00000043       0x44 ./Core/Inc/LCD/LCD_menus.o
 .comment       0x00000043       0x44 ./Core/Src/main.o
 .comment       0x00000043       0x44 ./Core/Src/stm32f1xx_hal_msp.o
 .comment       0x00000043       0x44 ./Core/Src/stm32f1xx_it.o
 .comment       0x00000043       0x44 ./Core/Src/system_stm32f1xx.o
 .comment       0x00000043       0x44 ./Drivers/STM32F1xx_HAL_Driver/Src/stm32f1xx_hal.o
 .comment       0x00000043       0x44 ./Drivers/STM32F1xx_HAL_Driver/Src/stm32f1xx_hal_cortex.o
 .comment       0x00000043       0x44 ./Drivers/STM32F1xx_HAL_Driver/Src/stm32f1xx_hal_gpio.o
 .comment       0x00000043       0x44 ./Drivers/STM32F1xx_HAL_Driver/Src/stm32f1xx_hal_rcc.o
 .comment       0x00000043       0x44 ./Drivers/STM32F1xx_HAL_Driver/Src/stm32f1xx_hal_tim.o
 .comment       0x00000043       0x44 ./Drivers/STM32F1xx_HAL_Driver/Src/stm32f1xx_hal_tim_ex.o

.debug_frame    0x00000000     0x2c08
 .debug_frame   0x00000000      0x144 ./Core/Inc/LCD/LCD.o
 .debug_frame   0x00000144      0x2b8 ./Core/Inc/LCD/LCD_menus.o
 .debug_frame   0x000003fc      0x16c ./Core/Src/main.o
 .debug_frame   0x00000568       0x88 ./Core/Src/stm32f1xx_hal_msp.o
 .debug_frame   0x000005f0      0x120 ./Core/Src/stm32f1xx_it.o
 .debug_frame   0x00000710       0x58 ./Core/Src/system_stm32f1xx.o
 .debug_frame   0x00000768      0x334 ./Drivers/STM32F1xx_HAL_Driver/Src/stm32f1xx_hal.o
 .debug_frame   0x00000a9c      0x428 ./Drivers/STM32F1xx_HAL_Driver/Src/stm32f1xx_hal_cortex.o
 .debug_frame   0x00000ec4      0x14c ./Drivers/STM32F1xx_HAL_Driver/Src/stm32f1xx_hal_gpio.o
 .debug_frame   0x00001010      0x218 ./Drivers/STM32F1xx_HAL_Driver/Src/stm32f1xx_hal_rcc.o
 .debug_frame   0x00001228     0x11bc ./Drivers/STM32F1xx_HAL_Driver/Src/stm32f1xx_hal_tim.o
 .debug_frame   0x000023e4      0x638 ./Drivers/STM32F1xx_HAL_Driver/Src/stm32f1xx_hal_tim_ex.o
 .debug_frame   0x00002a1c       0x38 C:/ST/STM32CubeIDE_1.15.0/STM32CubeIDE/plugins/com.st.stm32cube.ide.mcu.externaltools.gnu-tools-for-stm32.12.3.rel1.win32_1.0.100.202403111256/tools/bin/../lib/gcc/arm-none-eabi/12.3.1/../../../../arm-none-eabi/lib/thumb/v7-m/nofp\libc_nano.a(libc_a-itoa.o)
 .debug_frame   0x00002a54       0x48 C:/ST/STM32CubeIDE_1.15.0/STM32CubeIDE/plugins/com.st.stm32cube.ide.mcu.externaltools.gnu-tools-for-stm32.12.3.rel1.win32_1.0.100.202403111256/tools/bin/../lib/gcc/arm-none-eabi/12.3.1/../../../../arm-none-eabi/lib/thumb/v7-m/nofp\libc_nano.a(libc_a-utoa.o)
 .debug_frame   0x00002a9c       0x20 C:/ST/STM32CubeIDE_1.15.0/STM32CubeIDE/plugins/com.st.stm32cube.ide.mcu.externaltools.gnu-tools-for-stm32.12.3.rel1.win32_1.0.100.202403111256/tools/bin/../lib/gcc/arm-none-eabi/12.3.1/../../../../arm-none-eabi/lib/thumb/v7-m/nofp\libc_nano.a(libc_a-memset.o)
 .debug_frame   0x00002abc       0x2c C:/ST/STM32CubeIDE_1.15.0/STM32CubeIDE/plugins/com.st.stm32cube.ide.mcu.externaltools.gnu-tools-for-stm32.12.3.rel1.win32_1.0.100.202403111256/tools/bin/../lib/gcc/arm-none-eabi/12.3.1/../../../../arm-none-eabi/lib/thumb/v7-m/nofp\libc_nano.a(libc_a-init.o)
 .debug_frame   0x00002ae8       0xac C:/ST/STM32CubeIDE_1.15.0/STM32CubeIDE/plugins/com.st.stm32cube.ide.mcu.externaltools.gnu-tools-for-stm32.12.3.rel1.win32_1.0.100.202403111256/tools/bin/../lib/gcc/arm-none-eabi/12.3.1/thumb/v7-m/nofp\libgcc.a(_arm_addsubdf3.o)
 .debug_frame   0x00002b94       0x50 C:/ST/STM32CubeIDE_1.15.0/STM32CubeIDE/plugins/com.st.stm32cube.ide.mcu.externaltools.gnu-tools-for-stm32.12.3.rel1.win32_1.0.100.202403111256/tools/bin/../lib/gcc/arm-none-eabi/12.3.1/thumb/v7-m/nofp\libgcc.a(_arm_muldivdf3.o)
 .debug_frame   0x00002be4       0x24 C:/ST/STM32CubeIDE_1.15.0/STM32CubeIDE/plugins/com.st.stm32cube.ide.mcu.externaltools.gnu-tools-for-stm32.12.3.rel1.win32_1.0.100.202403111256/tools/bin/../lib/gcc/arm-none-eabi/12.3.1/thumb/v7-m/nofp\libgcc.a(_arm_fixunsdfsi.o)

.debug_line_str
                0x00000000       0x68
 .debug_line_str
                0x00000000       0x68 ./Core/Startup/startup_stm32f103c8tx.o
