../Core/Src/main.c:108:5:main	24	static
../Core/Src/main.c:548:6:SystemClock_Config	72	static
../Core/Src/main.c:584:13:MX_TIM1_Init	32	static
../Core/Src/main.c:626:13:MX_USART1_UART_Init	8	static
../Core/Src/main.c:657:13:MX_GPIO_Init	40	static
../Core/Src/main.c:719:6:HAL_UART_RxCpltCallback	16	static
../Core/Src/main.c:740:6:HAL_GPIO_EXTI_Callback	16	static
../Core/Src/main.c:777:6:delay_us	16	static
../Core/Src/main.c:786:6:switchToMenu	16	static
../Core/Src/main.c:846:8:readEncoder	16	static
../Core/Src/main.c:876:8:readButton	16	static
../Core/Src/main.c:908:6:Error_Handler	4	static,ignoring_inline_asm
