../Core/Inc/LCD/LCD_menus.c:12:6:printHome	16	static
../Core/Inc/LCD/LCD_menus.c:28:6:printViewT1	16	static
../Core/Inc/LCD/LCD_menus.c:59:6:printViewT2	16	static
../Core/Inc/LCD/LCD_menus.c:90:6:printViewT3	16	static
../Core/Inc/LCD/LCD_menus.c:124:6:printEditT1	16	static
../Core/Inc/LCD/LCD_menus.c:164:6:printEditT2	16	static
../Core/Inc/LCD/LCD_menus.c:190:6:printEditT3	16	static
../Core/Inc/LCD/LCD_menus.c:217:6:printEditT1Unit	16	static
../Core/Inc/LCD/LCD_menus.c:264:6:printPreRun	24	static
../Core/Inc/LCD/LCD_menus.c:328:6:printRunning	24	static
../Core/Inc/LCD/LCD_menus.c:393:6:printTriggered	8	static
../Core/Inc/LCD/LCD_menus.c:407:6:printViewConfigT1	16	static
../Core/Inc/LCD/LCD_menus.c:429:6:printEditConfigT1	16	static
../Core/Inc/LCD/LCD_menus.c:453:6:printViewConfigLogT1	16	static
../Core/Inc/LCD/LCD_menus.c:473:6:printViewConfigLogT2	16	static
../Core/Inc/LCD/LCD_menus.c:496:6:printEditConfigLogT1	16	static
../Core/Inc/LCD/LCD_menus.c:520:6:printEditConfigLogT2	16	static
../Core/Inc/LCD/LCD_menus.c:543:6:printConfigVolver	16	static
../Core/Inc/LCD/LCD_menus.c:561:6:printConfigEntrar	16	static
../Core/Inc/LCD/LCD_menus.c:575:6:printNewValuesBT	16	static
