../Core/Inc/LCD/LCD_menus.c:12:6:printHome	16	static
../Core/Inc/LCD/LCD_menus.c:28:6:printViewT1	16	static
../Core/Inc/LCD/LCD_menus.c:59:6:printViewT2	16	static
../Core/Inc/LCD/LCD_menus.c:90:6:printViewT3	16	static
../Core/Inc/LCD/LCD_menus.c:124:6:printEditT1	16	static
../Core/Inc/LCD/LCD_menus.c:164:6:printEditT2	16	static
../Core/Inc/LCD/LCD_menus.c:190:6:printEditT3	16	static
../Core/Inc/LCD/LCD_menus.c:217:6:printEditT1Unit	16	static
../Core/Inc/LCD/LCD_menus.c:264:6:printPreRun	24	static
../Core/Inc/LCD/LCD_menus.c:324:6:printRunning	24	static
../Core/Inc/LCD/LCD_menus.c:389:6:printTriggered	8	static
../Core/Inc/LCD/LCD_menus.c:403:6:printViewConfigT1	16	static
../Core/Inc/LCD/LCD_menus.c:425:6:printEditConfigT1	16	static
../Core/Inc/LCD/LCD_menus.c:449:6:printViewConfigLogT1	16	static
../Core/Inc/LCD/LCD_menus.c:469:6:printViewConfigLogT2	16	static
../Core/Inc/LCD/LCD_menus.c:492:6:printEditConfigLogT1	16	static
../Core/Inc/LCD/LCD_menus.c:516:6:printEditConfigLogT2	16	static
../Core/Inc/LCD/LCD_menus.c:539:6:printConfigVolver	16	static
../Core/Inc/LCD/LCD_menus.c:557:6:printConfigEntrar	16	static
